Testing optimization...
Preparing environment...
成功创建虚拟环境: D:\Dev\Python\localflow\workflows\test_opt_workflow\.venv
Executing workflow...
执行顺序: ['node1', 'node2']
已生成 2 个节点脚本
正在启动工作流执行引擎...
工作流执行引擎启动成功
执行节点: node1 (variable_assign)
节点 node1 执行成功
执行节点: node2 (variable_calc)
节点 node2 执行成功
工作流执行引擎已关闭
Execution took 0.83 seconds
Result: {'a': 10, 'result': 20}
Verification Passed!
